
Plan changing details:
App slug: app-slug
Plan: plan
Should retry: true
No. of test: 1.

Response status: 200
Response body: 

Plan changing success.

Plan changing details:
App slug: app-slug
Plan: plan
Should retry: true
No. of test: 2.

Response status: 200
Response body: 

Plan changing success.

Plan changing details:
App slug: app-slug
Plan: plan
Should retry: true
No. of test: 3.

Response status: 200
Response body: 

Plan changing success.
