
Login details:
App slug: app-slug
App title: Title of the app
Build slug: build-slug
Timestamp: 1542292740

Response status: 200
Response body: <html><body><p>Hello Bitrise!</p></body></html>

Login success.
