
Deprovisioning details:
App slug: app-slug
Should retry: false

Response status: 200
Response body: 

Deprovisioning success.
